Traceback (most recent call last):
  File "C:\Users\xavie\AppData\Roaming\Python\Python313\site-packages\pydantic\networks.py", line 965, in import_email_validator
    import email_validator
ModuleNotFoundError: No module named 'email_validator'

The above exception was the direct cause of the following exception:

Traceback (most recent call last):
  File "<frozen runpy>", line 198, in _run_module_as_main
  File "<frozen runpy>", line 88, in _run_code
  File "C:\Users\xavie\AppData\Roaming\Python\Python313\site-packages\uvicorn\__main__.py", line 4, in <module>
    uvicorn.main()
    ~~~~~~~~~~~~^^
  File "C:\Users\xavie\AppData\Roaming\Python\Python313\site-packages\click\core.py", line 1485, in __call__
    return self.main(*args, **kwargs)
           ~~~~~~~~~^^^^^^^^^^^^^^^^^
  File "C:\Users\xavie\AppData\Roaming\Python\Python313\site-packages\click\core.py", line 1406, in main
    rv = self.invoke(ctx)
  File "C:\Users\xavie\AppData\Roaming\Python\Python313\site-packages\click\core.py", line 1269, in invoke
    return ctx.invoke(self.callback, **ctx.params)
           ~~~~~~~~~~^^^^^^^^^^^^^^^^^^^^^^^^^^^^^
  File "C:\Users\xavie\AppData\Roaming\Python\Python313\site-packages\click\core.py", line 824, in invoke
    return callback(*args, **kwargs)
  File "C:\Users\xavie\AppData\Roaming\Python\Python313\site-packages\uvicorn\main.py", line 424, in main
    run(
    ~~~^
        app,
        ^^^^
    ...<46 lines>...
        h11_max_incomplete_event_size=h11_max_incomplete_event_size,
        ^^^^^^^^^^^^^^^^^^^^^^^^^^^^^^^^^^^^^^^^^^^^^^^^^^^^^^^^^^^^
    )
    ^
  File "C:\Users\xavie\AppData\Roaming\Python\Python313\site-packages\uvicorn\main.py", line 594, in run
    server.run()
    ~~~~~~~~~~^^
  File "C:\Users\xavie\AppData\Roaming\Python\Python313\site-packages\uvicorn\server.py", line 67, in run
    return asyncio_run(self.serve(sockets=sockets), loop_factory=self.config.get_loop_factory())
  File "C:\Python313\Lib\asyncio\runners.py", line 195, in run
    return runner.run(main)
           ~~~~~~~~~~^^^^^^
  File "C:\Python313\Lib\asyncio\runners.py", line 118, in run
    return self._loop.run_until_complete(task)
           ~~~~~~~~~~~~~~~~~~~~~~~~~~~~~^^^^^^
  File "C:\Python313\Lib\asyncio\base_events.py", line 725, in run_until_complete
    return future.result()
           ~~~~~~~~~~~~~^^
  File "C:\Users\xavie\AppData\Roaming\Python\Python313\site-packages\uvicorn\server.py", line 71, in serve
    await self._serve(sockets)
  File "C:\Users\xavie\AppData\Roaming\Python\Python313\site-packages\uvicorn\server.py", line 78, in _serve
    config.load()
    ~~~~~~~~~~~^^
  File "C:\Users\xavie\AppData\Roaming\Python\Python313\site-packages\uvicorn\config.py", line 439, in load
    self.loaded_app = import_from_string(self.app)
                      ~~~~~~~~~~~~~~~~~~^^^^^^^^^^
  File "C:\Users\xavie\AppData\Roaming\Python\Python313\site-packages\uvicorn\importer.py", line 19, in import_from_string
    module = importlib.import_module(module_str)
  File "C:\Python313\Lib\importlib\__init__.py", line 88, in import_module
    return _bootstrap._gcd_import(name[level:], package, level)
           ~~~~~~~~~~~~~~~~~~~~~~^^^^^^^^^^^^^^^^^^^^^^^^^^^^^^
  File "<frozen importlib._bootstrap>", line 1387, in _gcd_import
  File "<frozen importlib._bootstrap>", line 1360, in _find_and_load
  File "<frozen importlib._bootstrap>", line 1331, in _find_and_load_unlocked
  File "<frozen importlib._bootstrap>", line 935, in _load_unlocked
  File "<frozen importlib._bootstrap_external>", line 1026, in exec_module
  File "<frozen importlib._bootstrap>", line 488, in _call_with_frames_removed
  File "C:\Users\xavie\Dropbox\projet_perso_xavier\TP_digicheese\src\main.py", line 18, in <module>
    from src.routers.client_router import router as client_router
  File "C:\Users\xavie\Dropbox\projet_perso_xavier\TP_digicheese\src\routers\client_router.py", line 5, in <module>
    from ..schemas.client_schema import ClientOutDetailed, ClientOut, ClientPost, ClientPatch
  File "C:\Users\xavie\Dropbox\projet_perso_xavier\TP_digicheese\src\schemas\client_schema.py", line 5, in <module>
    class ClientBase(BaseModel):
    ...<6 lines>...
        telephone_client: Optional[str] = Field(default=None, max_length=10)
  File "C:\Users\xavie\AppData\Roaming\Python\Python313\site-packages\pydantic\_internal\_model_construction.py", line 255, in __new__
    complete_model_class(
    ~~~~~~~~~~~~~~~~~~~~^
        cls,
        ^^^^
    ...<3 lines>...
        create_model_module=_create_model_module,
        ^^^^^^^^^^^^^^^^^^^^^^^^^^^^^^^^^^^^^^^^^
    )
    ^
  File "C:\Users\xavie\AppData\Roaming\Python\Python313\site-packages\pydantic\_internal\_model_construction.py", line 648, in complete_model_class
    schema = gen_schema.generate_schema(cls)
  File "C:\Users\xavie\AppData\Roaming\Python\Python313\site-packages\pydantic\_internal\_generate_schema.py", line 729, in generate_schema
    schema = self._generate_schema_inner(obj)
  File "C:\Users\xavie\AppData\Roaming\Python\Python313\site-packages\pydantic\_internal\_generate_schema.py", line 1023, in _generate_schema_inner
    return self._model_schema(obj)
           ~~~~~~~~~~~~~~~~~~^^^^^
  File "C:\Users\xavie\AppData\Roaming\Python\Python313\site-packages\pydantic\_internal\_generate_schema.py", line 856, in _model_schema
    {k: self._generate_md_field_schema(k, v, decorators) for k, v in fields.items()},
        ~~~~~~~~~~~~~~~~~~~~~~~~~~~~~~^^^^^^^^^^^^^^^^^^
  File "C:\Users\xavie\AppData\Roaming\Python\Python313\site-packages\pydantic\_internal\_generate_schema.py", line 1228, in _generate_md_field_schema
    schema, metadata = self._common_field_schema(name, field_info, decorators)
                       ~~~~~~~~~~~~~~~~~~~~~~~~~^^^^^^^^^^^^^^^^^^^^^^^^^^^^^^
  File "C:\Users\xavie\AppData\Roaming\Python\Python313\site-packages\pydantic\_internal\_generate_schema.py", line 1282, in _common_field_schema
    schema = self._apply_annotations(
        source_type,
        annotations + validators_from_decorators,
    )
  File "C:\Users\xavie\AppData\Roaming\Python\Python313\site-packages\pydantic\_internal\_generate_schema.py", line 2227, in _apply_annotations
    schema = get_inner_schema(source_type)
  File "C:\Users\xavie\AppData\Roaming\Python\Python313\site-packages\pydantic\_internal\_schema_generation_shared.py", line 83, in __call__
    schema = self._handler(source_type)
  File "C:\Users\xavie\AppData\Roaming\Python\Python313\site-packages\pydantic\_internal\_generate_schema.py", line 2206, in inner_handler
    schema = self._generate_schema_inner(obj)
  File "C:\Users\xavie\AppData\Roaming\Python\Python313\site-packages\pydantic\_internal\_generate_schema.py", line 1028, in _generate_schema_inner
    return self.match_type(obj)
           ~~~~~~~~~~~~~~~^^^^^
  File "C:\Users\xavie\AppData\Roaming\Python\Python313\site-packages\pydantic\_internal\_generate_schema.py", line 1144, in match_type
    return self._match_generic_type(obj, origin)
           ~~~~~~~~~~~~~~~~~~~~~~~~^^^^^^^^^^^^^
  File "C:\Users\xavie\AppData\Roaming\Python\Python313\site-packages\pydantic\_internal\_generate_schema.py", line 1167, in _match_generic_type
    return self._union_schema(obj)
           ~~~~~~~~~~~~~~~~~~^^^^^
  File "C:\Users\xavie\AppData\Roaming\Python\Python313\site-packages\pydantic\_internal\_generate_schema.py", line 1327, in _union_schema
    choices.append(self.generate_schema(arg))
                   ~~~~~~~~~~~~~~~~~~~~^^^^^
  File "C:\Users\xavie\AppData\Roaming\Python\Python313\site-packages\pydantic\_internal\_generate_schema.py", line 726, in generate_schema
    schema = self._generate_schema_from_get_schema_method(obj, obj)
  File "C:\Users\xavie\AppData\Roaming\Python\Python313\site-packages\pydantic\_internal\_generate_schema.py", line 919, in _generate_schema_from_get_schema_method
    schema = get_schema(
        source, CallbackGetCoreSchemaHandler(self._generate_schema_inner, self, ref_mode=ref_mode)
    )
  File "C:\Users\xavie\AppData\Roaming\Python\Python313\site-packages\pydantic\networks.py", line 1005, in __get_pydantic_core_schema__
    import_email_validator()
    ~~~~~~~~~~~~~~~~~~~~~~^^
  File "C:\Users\xavie\AppData\Roaming\Python\Python313\site-packages\pydantic\networks.py", line 967, in import_email_validator
    raise ImportError("email-validator is not installed, run `pip install 'pydantic[email]'`") from e
ImportError: email-validator is not installed, run `pip install 'pydantic[email]'`
